// Jest Snapshot v1, https://goo.gl/fbAQLP

exports[`Example should be a snapshot 1`] = `
{
  "key": "value",
}
`;
